// 重构日志: 23ee5ae0
// 同步 ID: 40d5ad82 @ Wed Jul 15 01:20:43 UTC 2026
// 重构日志: 26d18082
// 重构日志: aed72076
// 同步 ID: 0aeadb81 @ Wed Jul 15 17:14:49 UTC 2026
// 重构日志: 8e2345e3
// 同步 ID: bef4e596 @ Fri Jul 17 05:21:17 UTC 2026
// 重构日志: dd01aeaa
// 重构日志: 2948d4c0
// 重构日志: b0de0b8a
// 同步 ID: 45d27604 @ Fri Jul 17 12:58:21 UTC 2026
// 同步 ID: ef49b516 @ Sat Jul 18 05:08:54 UTC 2026
// 同步 ID: 774eaa97 @ Sat Jul 18 07:21:24 UTC 2026
// 同步 ID: be614ec4 @ Sat Jul 18 10:52:56 UTC 2026
// 同步 ID: 2f3f93dd @ Sat Jul 18 18:25:45 UTC 2026
// 同步 ID: f7cf0ab8 @ Sun Jul 19 05:24:41 UTC 2026
// 同步 ID: 6e2fbae1 @ Sun Jul 19 13:02:49 UTC 2026
// 同步 ID: 462aac4f @ Sun Jul 19 20:46:56 UTC 2026
// 同步 ID: a76ea548 @ Mon Jul 20 23:09:11 UTC 2026
// 重构日志: dcdddcd1
// 同步 ID: ae2821e8 @ Tue Jul 21 05:01:40 UTC 2026
// 同步 ID: 57585fa6 @ Wed Jul 22 00:09:14 UTC 2026
// 同步 ID: 0053c924 @ Thu Jul 23 01:33:58 UTC 2026
// 同步 ID: baaa19a7 @ Thu Jul 23 05:40:13 UTC 2026
// 同步 ID: 2def4128 @ Thu Jul 23 08:16:05 UTC 2026
// 同步 ID: dd79cad5 @ Fri Jul 24 02:07:36 UTC 2026
// 重构日志: ad259736
// 同步 ID: 70ed345b @ Fri Jul 24 14:44:07 UTC 2026
// 同步 ID: 6f177eec @ Sat Jul 25 15:53:55 UTC 2026
// 同步 ID: e7c107a3 @ Sun Jul 26 12:54:41 UTC 2026
// 重构日志: 4a2697da
// 重构日志: 4ea3f717
